
> game-store@0.1.0 start
> next start

▲ Next.js 16.2.4
- Local:         http://localhost:3000
- Network:       http://43.229.133.122:3000
✓ Ready in 227ms

> game-store@0.1.0 start
> next start

▲ Next.js 16.2.4
- Local:         http://localhost:3000
- Network:       http://43.229.133.122:3000
✓ Ready in 224ms

> game-store@0.1.0 start
> next start

▲ Next.js 16.2.4
- Local:         http://localhost:3000
- Network:       http://43.229.133.122:3000
✓ Ready in 244ms

> game-store@0.1.0 start
> next start

▲ Next.js 16.2.4
- Local:         http://localhost:3000
- Network:       http://43.229.133.122:3000
✓ Ready in 241ms

> game-store@0.1.0 start
> next start

▲ Next.js 16.2.4
- Local:         http://localhost:3000
- Network:       http://43.229.133.122:3000
✓ Ready in 251ms

> game-store@0.1.0 start
> next start

▲ Next.js 16.2.4
- Local:         http://localhost:3000
- Network:       http://43.229.133.122:3000
✓ Ready in 359ms

> game-store@0.1.0 start
> next start

▲ Next.js 16.2.4
- Local:         http://localhost:3000
- Network:       http://43.229.133.122:3000
✓ Ready in 269ms

> game-store@0.1.0 start
> next start

▲ Next.js 16.2.4
- Local:         http://localhost:3000
- Network:       http://43.229.133.122:3000
✓ Ready in 263ms
